=== TEST 1: Login as john_doe ===
Login Status: 
Token: ...
Failed to get token!
